<blockquote>
<p>A blockquote on multiple lines like this.&Acirc;&nbsp;</p>
</blockquote>